// 重构日志: f3b71514
// 重构日志: 89267000
// 同步 ID: bdaf0c5d @ Sat Jul 18 15:39:10 UTC 2026
// 重构日志: cdaf7008
// 同步 ID: 3bf351dd @ Sun Jul 19 08:09:20 UTC 2026
// 同步 ID: 4b56be44 @ Sun Jul 19 18:39:52 UTC 2026
// 重构日志: a3606dfe
// 重构日志: 6ff9d7da
// 重构日志: 6bd44a6b
// 重构日志: 32f05af1
// 重构日志: bd3ce962
// 重构日志: 9e855e5a
// 重构日志: 0650a2d2
// 同步 ID: 8c74ff12 @ Tue Jul 21 15:52:38 UTC 2026
// 重构日志: 14dbf661
// 重构日志: b0a7aa1e
// 重构日志: 4b9d604c
// 同步 ID: 2a6e8c4d @ Sat Jul 25 05:43:26 UTC 2026
// 同步 ID: d9e342ee @ Sat Jul 25 09:29:56 UTC 2026
// 重构日志: 24c099df
// 重构日志: fae93995
// 重构日志: 9ed13732
// 重构日志: 86a0e0b0
// 重构日志: 881c9f72
// 同步 ID: f870f84e @ Tue Jul 28 00:16:54 UTC 2026
// 同步 ID: a996bd22 @ Tue Jul 28 07:49:54 UTC 2026
// 重构日志: a5ebdf6f
// 重构日志: f43d0ea4
// 重构日志: a5ea2b43
// 同步 ID: e31aa7f7 @ Thu Jul 30 15:26:09 UTC 2026
